// Jest Snapshot v1, https://goo.gl/fbAQLP

exports[`Options context {String} 1`] = `"module.exports = __webpack_public_path__ + \\"77f94cfeb835c099e9eeab739989952d.babylon\\";"`;
