// Jest Snapshot v1, https://goo.gl/fbAQLP

exports[`Options outputPath {Function} 1`] = `"module.exports = __webpack_public_path__ + \\"test/77f94cfeb835c099e9eeab739989952d.babylon\\";"`;

exports[`Options outputPath {String} 1`] = `"module.exports = __webpack_public_path__ + \\"/test/77f94cfeb835c099e9eeab739989952d.babylon\\";"`;
