// Jest Snapshot v1, https://goo.gl/fbAQLP

exports[`Options publicPath {Function} 1`] = `"module.exports = \\"test/77f94cfeb835c099e9eeab739989952d.babylon\\";"`;

exports[`Options publicPath {String} 1`] = `"module.exports = \\"/test/77f94cfeb835c099e9eeab739989952d.babylon\\";"`;
