// Jest Snapshot v1, https://goo.gl/fbAQLP

exports[`Options useRelativePath options.context 1`] = `"module.exports = __webpack_public_path__ + \\"./77f94cfeb835c099e9eeab739989952d.babylon\\";"`;

exports[`Options useRelativePath this.options.context 1`] = `"module.exports = __webpack_public_path__ + \\"./77f94cfeb835c099e9eeab739989952d.babylon\\";"`;
