// Jest Snapshot v1, https://goo.gl/fbAQLP

exports[`Errors Loader Error 1`] = `
"Babylon File Loader

emitFile is required from module system"
`;

exports[`Errors Validation Error 1`] = `
"Validation Error

Babylon File Loader Invalid Options

options.useRelativePath should be boolean
"
`;
